// Jest Snapshot v1, https://goo.gl/fbAQLP

exports[`FloatButton to match snapshot 1`] = `
<DocumentFragment>
  <a
    class="btn-float"
    href="/notes/new"
  >
    +
  </a>
</DocumentFragment>
`;
