// Jest Snapshot v1, https://goo.gl/fbAQLP

exports[`mostvisited 1`] = `
<DocumentFragment>
  <article>
    <div>
      <button
        class="todo-controls"
      >
        Edit
      </button>
      <select
        class="todo-controls"
      >
        <option
          value="high"
        >
          High
        </option>
        <option
          value="med"
        >
          Medium
        </option>
        <option
          value="low"
        >
          Low
        </option>
      </select>
      <button
        class="todo-controls"
      >
        Delete
      </button>
    </div>
    <label>
      Title:
      <input
        class="edit-note-title"
        disabled=""
        name="title"
        placeholder="What do you need to do ?"
        value="app"
      />
    </label>
    <label>
      Note Content:
      <textarea
        class="edit-note-text"
        disabled=""
        name="notes"
        placeholder="Write notes on:
 * How to achieve the goal
 * Deadlines
 * Who is going to help ?"
      >
        verthe
      </textarea>
    </label>
  </article>
</DocumentFragment>
`;
